[guns.lol/index.html]
[assets.guns.lol/guns_logo_no_background_cropped.png]
[assets.guns.lol/gradient_background.png]
[assets.guns.lol/dashboard.png]
[assets.guns.lol/profile_showcase.png]
[guns.lol/_next/static/css/6e3be6cd9675e65e.css]
[guns.lol/_next/static/css/d4449a75c06ad9b5.css]
[guns.lol/_next/static/chunks/webpack-4aa839a362d8e1f3.js]
[guns.lol/_next/static/chunks/fd9d1056-31e1c1a3fdd56e55.js]
[guns.lol/_next/static/chunks/7023-2b6387fdeee0602c.js]
[guns.lol/_next/static/css/8358f047b2b67bd7.css]
[guns.lol/_next/static/chunks/main-app-c39fedede3a4cfda.js]
[guns.lol/_next/static/chunks/5223-c4f64bc2020dd4fc.js]
[guns.lol/_next/static/chunks/app/layout-36f5af8ce66648e0.js]
[guns.lol/_next/static/chunks/231-2e4f92705edd89a9.js]
[guns.lol/_next/static/chunks/app/not-found-d2a0863593ea9c67.js]
[guns.lol/_next/static/chunks/7963-ab1516be429d5fce.js]
[guns.lol/_next/static/chunks/6882-00ed709e5a044872.js]
[guns.lol/_next/static/chunks/3371-45cd79df0c3ccbfb.js]
[guns.lol/_next/static/chunks/5816-3717baaaf0b420eb.js]
[guns.lol/_next/static/chunks/8219-c0303b98acc8fa15.js]
[guns.lol/_next/static/chunks/3574-a2bc614ecefb5a87.js]
[guns.lol/_next/static/chunks/app/page-75492605ef7d1f8a.js]
[backblue.gif]
[fade.gif]
[index.html]
[sa.guns.lol/latest.js]
[guns.lol/_next/static/chunks/polyfills-78c92fac7aa8fdd8.js]
[guns.lol/pricing.html]
[guns.lol/login.html]
[guns.lol/register.html]
[guns.lol/register6a44.html]
[guns.lol/cdn-cgi/l/email-protection.html]
[guns.lol/terms.html]
[guns.lol/privacy.html]
[guns.lol/cdn-cgi/scripts/5c5dd728/cloudflare-static/email-decode.min.js]
[guns.lol/index.html]
[guns.lol/_next/static/css/8358f047b2b67bd7.css]
[guns.lol/_next/static/css/6e3be6cd9675e65e.css]
[guns.lol/_next/static/css/d4449a75c06ad9b5.css]
[guns.lol/cdn-cgi/challenge-platform/h/g/scripts/jsd/ec4b873d446c/maind41d.js]
[guns.lol/_next/static/chunks/3810-79d5b5f2b09d1382.js]
[guns.lol/_next/static/chunks/1531-aa33b0abb1342068.js]
[guns.lol/_next/static/chunks/7776-cc5e2ba2049d3a25.js]
[guns.lol/_next/static/chunks/8287-6bb4e1b8ebc57bec.js]
[guns.lol/_next/static/chunks/7836-065364ecc7b3b4ed.js]
[guns.lol/_next/static/chunks/app/pricing/page-196a56b7f4e12459.js]
[guns.lol/pricing.html]
[guns.lol/logine6de.html]
[guns.lol/_next/static/css/a8ab4792e581c756.css]
[guns.lol/_next/static/chunks/app/login/page-566c51a37aeadb63.js]
[challenges.cloudflare.com/turnstile/v0/g/ec4b873d446c/api.js]
[guns.lol/login.html]
[guns.lol/reset.html]
[guns.lol/_next/static/css/7b623aaed5b79440.css]
[guns.lol/_next/static/chunks/8896-b85e4cb5c461be5e.js]
[guns.lol/_next/static/chunks/9439-832a1935143807e2.js]
[guns.lol/register.html]
[guns.lol/register6a44.html]
[guns.lol/cdn-cgi/l/email-protection.html]
[guns.lol/_next/static/chunks/app/register/page-6761cbe2f0a2d25f.js]
[guns.lol/terms.html]
[guns.lol/_next/static/chunks/app/terms/page-3af8f71344f0ac3c.js]
[guns.lol/privacy.html]
[guns.lol/logine6de.html]
[guns.lol/_next/static/css/a8ab4792e581c756.css]
[guns.lol/_next/static/chunks/app/privacy/page-505f67434825982d.js]
[guns.lol/_next/static/css/db04ba4495dfb71b.css]
[guns.lol/reset.html]
[guns.lol/_next/static/css/7b623aaed5b79440.css]
[guns.lol/_next/static/css/db04ba4495dfb71b.css]
[guns.lol/_next/static/chunks/app/reset/page-c7314a2f393f4f91.js]
